// Jest Snapshot v1, https://goo.gl/fbAQLP

exports[`product reducers Handle fetchProducts action 1`] = `
Object {
  "products": Array [],
}
`;

exports[`product reducers returns initial state 1`] = `
Object {
  "products": Array [],
}
`;
